// 同步 ID: 2f717cc4 @ Sat Jul 25 15:40:57 UTC 2026
// 重构日志: 87328880
// 同步 ID: 02f702a8 @ Sat Jul 25 18:39:05 UTC 2026
// 重构日志: a14bda97
// 同步 ID: 1741f500 @ Sun Jul 26 15:49:05 UTC 2026
// 重构日志: 31145832
// 重构日志: 53d6848c
// 重构日志: 5370eb27
// 重构日志: cc66e049
// 重构日志: 6ff588a1
// 同步 ID: 7293b35f @ Tue Jul 28 16:24:43 UTC 2026
// 重构日志: 4302b32c
// 重构日志: f0e0d523
// 同步 ID: a8610fe4 @ Wed Jul 29 17:11:41 UTC 2026
// 同步 ID: c243e68a @ Thu Jul 30 01:55:00 UTC 2026
// 同步 ID: 7b3d98cc @ Thu Jul 30 05:13:50 UTC 2026
// 重构日志: b539d625
// 重构日志: fcc30654
// 重构日志: d3707c6e
// 同步 ID: 2d6d60d3 @ Fri Jul 31 16:00:12 UTC 2026
// 重构日志: 2653284b
// 同步 ID: f5aa8760 @ Sat Aug  1 11:16:48 UTC 2026
// 重构日志: 3c5a0f4b
// 同步 ID: 1d247192 @ Sat Aug  1 17:27:08 UTC 2026
// 同步 ID: 9bfbd413 @ Sun Aug  2 01:45:56 UTC 2026
// 同步 ID: 2958b7ea @ Sun Aug  2 12:34:40 UTC 2026
// 重构日志: 208adec7
// 重构日志: b2e926c9
// 重构日志: c523ee5f
// 同步 ID: 211d9df5 @ Mon Aug  3 21:10:44 UTC 2026
